[2m2026-05-01T16:46:50.189264Z[0m [33m WARN[0m [2mwgpu_hal::vulkan::instance[0m[2m:[0m InstanceFlags::VALIDATION requested, but unable to find layer: VK_LAYER_KHRONOS_validation
[2m2026-05-01T16:46:50.190950Z[0m [31mERROR[0m [2mwgpu_hal::vulkan::instance[0m[2m:[0m GENERAL [Loader Message (0x0)]
	loader_get_json: Failed to open JSON file C:\Program Files (x86)\Epic Games\Launcher\Portal\Extras\Overlay\EOSOverlayVkLayer-Win32.json
[2m2026-05-01T16:46:50.191402Z[0m [31mERROR[0m [2mwgpu_hal::vulkan::instance[0m[2m:[0m 	objects: (type: INSTANCE, hndl: 0x2a12521b340, name: ?)
[2m2026-05-01T16:46:50.191672Z[0m [31mERROR[0m [2mwgpu_hal::vulkan::instance[0m[2m:[0m GENERAL [Loader Message (0x0)]
	loader_get_json: Failed to open JSON file C:\Program Files (x86)\Epic Games\Launcher\Portal\Extras\Overlay\EOSOverlayVkLayer-Win64.json
[2m2026-05-01T16:46:50.191776Z[0m [31mERROR[0m [2mwgpu_hal::vulkan::instance[0m[2m:[0m 	objects: (type: INSTANCE, hndl: 0x2a12521b340, name: ?)
[2m2026-05-01T16:46:50.197061Z[0m [31mERROR[0m [2mwgpu_hal::vulkan::instance[0m[2m:[0m GENERAL [Loader Message (0x0)]
	Failed to open dynamic library "C:\ProgramData\ReShade\.\ReShade64.dll" with error 1114
[2m2026-05-01T16:46:50.197390Z[0m [31mERROR[0m [2mwgpu_hal::vulkan::instance[0m[2m:[0m 	objects: (type: INSTANCE, hndl: 0x2a12521b340, name: ?)
[voxel-native] PANIC in thread 'Compute Task Pool (0)': panicked at C:\Users\ylber\.cargo\registry\src\index.crates.io-1949cf8c6b5b557f\bevy_egui-0.28.0\src\lib.rs:368:14:
`EguiContexts::ctx_mut` was called for an uninitialized context (primary window), make sure your system is run after [`EguiSet::InitContexts`] (or [`EguiStartupSet::InitContexts`] for startup systems)

thread 'Compute Task Pool (0)' (22576) panicked at C:\Users\ylber\.cargo\registry\src\index.crates.io-1949cf8c6b5b557f\bevy_egui-0.28.0\src\lib.rs:368:14:
`EguiContexts::ctx_mut` was called for an uninitialized context (primary window), make sure your system is run after [`EguiSet::InitContexts`] (or [`EguiStartupSet::InitContexts`] for startup systems)
note: run with `RUST_BACKTRACE=1` environment variable to display a backtrace
Encountered a panic in system `voxel_native::menu::draw_main_menu`!
[voxel-native] PANIC in thread 'Compute Task Pool (1)': panicked at C:\Users\ylber\.cargo\registry\src\index.crates.io-1949cf8c6b5b557f\bevy_egui-0.28.0\src\lib.rs:368:14:
`EguiContexts::ctx_mut` was called for an uninitialized context (primary window), make sure your system is run after [`EguiSet::InitContexts`] (or [`EguiStartupSet::InitContexts`] for startup systems)

thread 'Compute Task Pool (1)' (15808) panicked at C:\Users\ylber\.cargo\registry\src\index.crates.io-1949cf8c6b5b557f\bevy_egui-0.28.0\src\lib.rs:368:14:
`EguiContexts::ctx_mut` was called for an uninitialized context (primary window), make sure your system is run after [`EguiSet::InitContexts`] (or [`EguiStartupSet::InitContexts`] for startup systems)
Encountered a panic in system `voxel_native::editor::draw_editor`!
Encountered a panic in system `bevy_app::main_schedule::Main::run_main`!
