warning: function `init_texture_library` is never used
   --> src\editor.rs:157:4
    |
157 | fn init_texture_library(mut library: ResMut<TextureLibrary>) {
    |    ^^^^^^^^^^^^^^^^^^^^
    |
    = note: `#[warn(dead_code)]` (part of `#[warn(unused)]`) on by default

warning: function `build_mesh` is never used
  --> src\mesher.rs:26:8
   |
26 | pub fn build_mesh<F: Fn(i32, i32, i32) -> Voxel>(pos: ChunkPos, sample: F) -> Mesh {
   |        ^^^^^^^^^^

warning: field `block` is never read
   --> src\textures.rs:138:9
    |
137 | pub struct BlockSwatch {
    |            ----------- field in this struct
138 |     pub block: BlockType,
    |         ^^^^^
    |
    = note: `BlockSwatch` has derived impls for the traits `Debug` and `Clone`, but these are intentionally ignored during dead code analysis

warning: `voxel-native` (bin "voxel-native") generated 3 warnings
    Finished `dev` profile [optimized + debuginfo] target(s) in 13.46s
     Running `target\debug\voxel-native.exe`
[2m2026-04-25T04:32:33.174340Z[0m [33m WARN[0m [2mwgpu_hal::vulkan::instance[0m[2m:[0m InstanceFlags::VALIDATION requested, but unable to find layer: VK_LAYER_KHRONOS_validation
[2m2026-04-25T04:32:33.176779Z[0m [31mERROR[0m [2mwgpu_hal::vulkan::instance[0m[2m:[0m GENERAL [Loader Message (0x0)]
	loader_get_json: Failed to open JSON file C:\Program Files (x86)\Epic Games\Launcher\Portal\Extras\Overlay\EOSOverlayVkLayer-Win32.json
[2m2026-04-25T04:32:33.177562Z[0m [31mERROR[0m [2mwgpu_hal::vulkan::instance[0m[2m:[0m 	objects: (type: INSTANCE, hndl: 0x134173bbdb0, name: ?)
[2m2026-04-25T04:32:33.177749Z[0m [31mERROR[0m [2mwgpu_hal::vulkan::instance[0m[2m:[0m GENERAL [Loader Message (0x0)]
	loader_get_json: Failed to open JSON file C:\Program Files (x86)\Epic Games\Launcher\Portal\Extras\Overlay\EOSOverlayVkLayer-Win64.json
[2m2026-04-25T04:32:33.177868Z[0m [31mERROR[0m [2mwgpu_hal::vulkan::instance[0m[2m:[0m 	objects: (type: INSTANCE, hndl: 0x134173bbdb0, name: ?)
[2m2026-04-25T04:32:33.254454Z[0m [31mERROR[0m [2mwgpu_hal::vulkan::instance[0m[2m:[0m GENERAL [Loader Message (0x0)]
	Failed to open dynamic library "C:\ProgramData\ReShade\.\ReShade64.dll" with error 1114
[2m2026-04-25T04:32:33.254735Z[0m [31mERROR[0m [2mwgpu_hal::vulkan::instance[0m[2m:[0m 	objects: (type: INSTANCE, hndl: 0x134173bbdb0, name: ?)
[2m2026-04-25T04:32:34.084869Z[0m [33m WARN[0m [2mbevy_hierarchy::valid_parent_check_plugin[0m[2m:[0m warning[B0004]: The Weapon:Rifle entity with the InheritedVisibility component has a parent without InheritedVisibility.
This will cause inconsistent behaviors! See: https://bevyengine.org/learn/errors/#b0004
