   Compiling voxel-native v0.1.0 (C:\Users\ylber\Downloads\Deepmind\voxel-native)
warning: function `init_texture_library` is never used
   --> src\editor.rs:157:4
    |
157 | fn init_texture_library(mut library: ResMut<TextureLibrary>) {
    |    ^^^^^^^^^^^^^^^^^^^^
    |
    = note: `#[warn(dead_code)]` (part of `#[warn(unused)]`) on by default

warning: function `build_mesh` is never used
  --> src\mesher.rs:26:8
   |
26 | pub fn build_mesh<F: Fn(i32, i32, i32) -> Voxel>(pos: ChunkPos, sample: F) -> Mesh {
   |        ^^^^^^^^^^

warning: field `block` is never read
   --> src\textures.rs:138:9
    |
137 | pub struct BlockSwatch {
    |            ----------- field in this struct
138 |     pub block: BlockType,
    |         ^^^^^
    |
    = note: `BlockSwatch` has derived impls for the traits `Debug` and `Clone`, but these are intentionally ignored during dead code analysis

warning: `voxel-native` (bin "voxel-native") generated 3 warnings
    Finished `dev` profile [optimized + debuginfo] target(s) in 14.19s
     Running `target\debug\voxel-native.exe`
[2m2026-04-24T13:04:42.221361Z[0m [33m WARN[0m [2mwgpu_hal::vulkan::instance[0m[2m:[0m InstanceFlags::VALIDATION requested, but unable to find layer: VK_LAYER_KHRONOS_validation
[2m2026-04-24T13:04:42.222215Z[0m [31mERROR[0m [2mwgpu_hal::vulkan::instance[0m[2m:[0m GENERAL [Loader Message (0x0)]
	loader_get_json: Failed to open JSON file C:\Program Files (x86)\Epic Games\Launcher\Portal\Extras\Overlay\EOSOverlayVkLayer-Win32.json
[2m2026-04-24T13:04:42.222340Z[0m [31mERROR[0m [2mwgpu_hal::vulkan::instance[0m[2m:[0m 	objects: (type: INSTANCE, hndl: 0x273b76f51c0, name: ?)
[2m2026-04-24T13:04:42.222491Z[0m [31mERROR[0m [2mwgpu_hal::vulkan::instance[0m[2m:[0m GENERAL [Loader Message (0x0)]
	loader_get_json: Failed to open JSON file C:\Program Files (x86)\Epic Games\Launcher\Portal\Extras\Overlay\EOSOverlayVkLayer-Win64.json
[2m2026-04-24T13:04:42.222690Z[0m [31mERROR[0m [2mwgpu_hal::vulkan::instance[0m[2m:[0m 	objects: (type: INSTANCE, hndl: 0x273b76f51c0, name: ?)
[2m2026-04-24T13:04:42.227255Z[0m [31mERROR[0m [2mwgpu_hal::vulkan::instance[0m[2m:[0m GENERAL [Loader Message (0x0)]
	Failed to open dynamic library "C:\ProgramData\ReShade\.\ReShade64.dll" with error 1114
[2m2026-04-24T13:04:42.227504Z[0m [31mERROR[0m [2mwgpu_hal::vulkan::instance[0m[2m:[0m 	objects: (type: INSTANCE, hndl: 0x273b76f51c0, name: ?)
[2m2026-04-24T13:04:42.828937Z[0m [33m WARN[0m [2mbevy_hierarchy::valid_parent_check_plugin[0m[2m:[0m warning[B0004]: The Weapon:Rifle entity with the InheritedVisibility component has a parent without InheritedVisibility.
This will cause inconsistent behaviors! See: https://bevyengine.org/learn/errors/#b0004
[2m2026-04-24T13:07:20.704228Z[0m [33m WARN[0m [2mbevy_hierarchy::valid_parent_check_plugin[0m[2m:[0m warning[B0004]: The Weapon:GLncr entity with the InheritedVisibility component has a parent without InheritedVisibility.
This will cause inconsistent behaviors! See: https://bevyengine.org/learn/errors/#b0004
[2m2026-04-24T13:07:41.627498Z[0m [33m WARN[0m [2mbevy_ecs::world[0m[2m:[0m error[B0003]: Could not despawn entity Entity { index: 2916, generation: 10 } because it doesn't exist in this World. See: https://bevyengine.org/learn/errors/#b0003
[2m2026-04-24T13:07:41.627925Z[0m [33m WARN[0m [2mbevy_ecs::world[0m[2m:[0m error[B0003]: Could not despawn entity Entity { index: 3076, generation: 14 } because it doesn't exist in this World. See: https://bevyengine.org/learn/errors/#b0003
[2m2026-04-24T13:07:41.628041Z[0m [33m WARN[0m [2mbevy_ecs::world[0m[2m:[0m error[B0003]: Could not despawn entity Entity { index: 3613, generation: 17 } because it doesn't exist in this World. See: https://bevyengine.org/learn/errors/#b0003
[2m2026-04-24T13:07:41.628138Z[0m [33m WARN[0m [2mbevy_ecs::world[0m[2m:[0m error[B0003]: Could not despawn entity Entity { index: 1659, generation: 14 } because it doesn't exist in this World. See: https://bevyengine.org/learn/errors/#b0003
[2m2026-04-24T13:07:41.628327Z[0m [33m WARN[0m [2mbevy_ecs::world[0m[2m:[0m error[B0003]: Could not despawn entity Entity { index: 2358, generation: 27 } because it doesn't exist in this World. See: https://bevyengine.org/learn/errors/#b0003
[2m2026-04-24T13:07:41.628459Z[0m [33m WARN[0m [2mbevy_ecs::world[0m[2m:[0m error[B0003]: Could not despawn entity Entity { index: 2344, generation: 18 } because it doesn't exist in this World. See: https://bevyengine.org/learn/errors/#b0003
[2m2026-04-24T13:07:41.628560Z[0m [33m WARN[0m [2mbevy_ecs::world[0m[2m:[0m error[B0003]: Could not despawn entity Entity { index: 4745, generation: 13 } because it doesn't exist in this World. See: https://bevyengine.org/learn/errors/#b0003
[2m2026-04-24T13:07:41.628683Z[0m [33m WARN[0m [2mbevy_ecs::world[0m[2m:[0m error[B0003]: Could not despawn entity Entity { index: 1821, generation: 10 } because it doesn't exist in this World. See: https://bevyengine.org/learn/errors/#b0003
[2m2026-04-24T13:07:41.628781Z[0m [33m WARN[0m [2mbevy_ecs::world[0m[2m:[0m error[B0003]: Could not despawn entity Entity { index: 2143, generation: 20 } because it doesn't exist in this World. See: https://bevyengine.org/learn/errors/#b0003
[2m2026-04-24T13:07:41.628870Z[0m [33m WARN[0m [2mbevy_ecs::world[0m[2m:[0m error[B0003]: Could not despawn entity Entity { index: 3017, generation: 17 } because it doesn't exist in this World. See: https://bevyengine.org/learn/errors/#b0003
[2m2026-04-24T13:07:41.628975Z[0m [33m WARN[0m [2mbevy_ecs::world[0m[2m:[0m error[B0003]: Could not despawn entity Entity { index: 1791, generation: 13 } because it doesn't exist in this World. See: https://bevyengine.org/learn/errors/#b0003
[2m2026-04-24T13:07:41.629155Z[0m [33m WARN[0m [2mbevy_ecs::world[0m[2m:[0m error[B0003]: Could not despawn entity Entity { index: 3685, generation: 18 } because it doesn't exist in this World. See: https://bevyengine.org/learn/errors/#b0003
[2m2026-04-24T13:07:41.629308Z[0m [33m WARN[0m [2mbevy_ecs::world[0m[2m:[0m error[B0003]: Could not despawn entity Entity { index: 2315, generation: 10 } because it doesn't exist in this World. See: https://bevyengine.org/learn/errors/#b0003
[2m2026-04-24T13:07:41.629416Z[0m [33m WARN[0m [2mbevy_ecs::world[0m[2m:[0m error[B0003]: Could not despawn entity Entity { index: 1900, generation: 16 } because it doesn't exist in this World. See: https://bevyengine.org/learn/errors/#b0003
[2m2026-04-24T13:07:41.629523Z[0m [33m WARN[0m [2mbevy_ecs::world[0m[2m:[0m error[B0003]: Could not despawn entity Entity { index: 2889, generation: 13 } because it doesn't exist in this World. See: https://bevyengine.org/learn/errors/#b0003
[2m2026-04-24T13:07:41.629675Z[0m [33m WARN[0m [2mbevy_ecs::world[0m[2m:[0m error[B0003]: Could not despawn entity Entity { index: 3375, generation: 14 } because it doesn't exist in this World. See: https://bevyengine.org/learn/errors/#b0003
[2m2026-04-24T13:07:41.629818Z[0m [33m WARN[0m [2mbevy_ecs::world[0m[2m:[0m error[B0003]: Could not despawn entity Entity { index: 2680, generation: 16 } because it doesn't exist in this World. See: https://bevyengine.org/learn/errors/#b0003
[2m2026-04-24T13:07:41.629917Z[0m [33m WARN[0m [2mbevy_ecs::world[0m[2m:[0m error[B0003]: Could not despawn entity Entity { index: 2181, generation: 17 } because it doesn't exist in this World. See: https://bevyengine.org/learn/errors/#b0003
[2m2026-04-24T13:07:41.630019Z[0m [33m WARN[0m [2mbevy_ecs::world[0m[2m:[0m error[B0003]: Could not despawn entity Entity { index: 4510, generation: 14 } because it doesn't exist in this World. See: https://bevyengine.org/learn/errors/#b0003
[2m2026-04-24T13:07:41.630140Z[0m [33m WARN[0m [2mbevy_ecs::world[0m[2m:[0m error[B0003]: Could not despawn entity Entity { index: 1666, generation: 18 } because it doesn't exist in this World. See: https://bevyengine.org/learn/errors/#b0003
[2m2026-04-24T13:07:41.630238Z[0m [33m WARN[0m [2mbevy_ecs::world[0m[2m:[0m error[B0003]: Could not despawn entity Entity { index: 4331, generation: 14 } because it doesn't exist in this World. See: https://bevyengine.org/learn/errors/#b0003
[2m2026-04-24T13:07:41.630397Z[0m [33m WARN[0m [2mbevy_ecs::world[0m[2m:[0m error[B0003]: Could not despawn entity Entity { index: 5232, generation: 9 } because it doesn't exist in this World. See: https://bevyengine.org/learn/errors/#b0003
[2m2026-04-24T13:07:41.630493Z[0m [33m WARN[0m [2mbevy_ecs::world[0m[2m:[0m error[B0003]: Could not despawn entity Entity { index: 1937, generation: 11 } because it doesn't exist in this World. See: https://bevyengine.org/learn/errors/#b0003
[2m2026-04-24T13:07:41.630589Z[0m [33m WARN[0m [2mbevy_ecs::world[0m[2m:[0m error[B0003]: Could not despawn entity Entity { index: 4386, generation: 9 } because it doesn't exist in this World. See: https://bevyengine.org/learn/errors/#b0003
[2m2026-04-24T13:07:41.630680Z[0m [33m WARN[0m [2mbevy_ecs::world[0m[2m:[0m error[B0003]: Could not despawn entity Entity { index: 3429, generation: 9 } because it doesn't exist in this World. See: https://bevyengine.org/learn/errors/#b0003
[2m2026-04-24T13:07:41.630776Z[0m [33m WARN[0m [2mbevy_ecs::world[0m[2m:[0m error[B0003]: Could not despawn entity Entity { index: 2519, generation: 14 } because it doesn't exist in this World. See: https://bevyengine.org/learn/errors/#b0003
[2m2026-04-24T13:07:41.630873Z[0m [33m WARN[0m [2mbevy_ecs::world[0m[2m:[0m error[B0003]: Could not despawn entity Entity { index: 3225, generation: 10 } because it doesn't exist in this World. See: https://bevyengine.org/learn/errors/#b0003
[2m2026-04-24T13:07:41.630969Z[0m [33m WARN[0m [2mbevy_ecs::world[0m[2m:[0m error[B0003]: Could not despawn entity Entity { index: 2426, generation: 12 } because it doesn't exist in this World. See: https://bevyengine.org/learn/errors/#b0003
[2m2026-04-24T13:07:41.631059Z[0m [33m WARN[0m [2mbevy_ecs::world[0m[2m:[0m error[B0003]: Could not despawn entity Entity { index: 3088, generation: 10 } because it doesn't exist in this World. See: https://bevyengine.org/learn/errors/#b0003
[2m2026-04-24T13:07:41.631154Z[0m [33m WARN[0m [2mbevy_ecs::world[0m[2m:[0m error[B0003]: Could not despawn entity Entity { index: 4927, generation: 9 } because it doesn't exist in this World. See: https://bevyengine.org/learn/errors/#b0003
[2m2026-04-24T13:07:41.631251Z[0m [33m WARN[0m [2mbevy_ecs::world[0m[2m:[0m error[B0003]: Could not despawn entity Entity { index: 4761, generation: 17 } because it doesn't exist in this World. See: https://bevyengine.org/learn/errors/#b0003
[2m2026-04-24T13:07:41.631343Z[0m [33m WARN[0m [2mbevy_ecs::world[0m[2m:[0m error[B0003]: Could not despawn entity Entity { index: 3415, generation: 13 } because it doesn't exist in this World. See: https://bevyengine.org/learn/errors/#b0003
[2m2026-04-24T13:07:41.631433Z[0m [33m WARN[0m [2mbevy_ecs::world[0m[2m:[0m error[B0003]: Could not despawn entity Entity { index: 4276, generation: 14 } because it doesn't exist in this World. See: https://bevyengine.org/learn/errors/#b0003
[2m2026-04-24T13:07:41.631525Z[0m [33m WARN[0m [2mbevy_ecs::world[0m[2m:[0m error[B0003]: Could not despawn entity Entity { index: 2717, generation: 12 } because it doesn't exist in this World. See: https://bevyengine.org/learn/errors/#b0003
[2m2026-04-24T13:07:41.631613Z[0m [33m WARN[0m [2mbevy_ecs::world[0m[2m:[0m error[B0003]: Could not despawn entity Entity { index: 3598, generation: 13 } because it doesn't exist in this World. See: https://bevyengine.org/learn/errors/#b0003
[2m2026-04-24T13:07:41.631703Z[0m [33m WARN[0m [2mbevy_ecs::world[0m[2m:[0m error[B0003]: Could not despawn entity Entity { index: 2833, generation: 12 } because it doesn't exist in this World. See: https://bevyengine.org/learn/errors/#b0003
[2m2026-04-24T13:07:41.631791Z[0m [33m WARN[0m [2mbevy_ecs::world[0m[2m:[0m error[B0003]: Could not despawn entity Entity { index: 3669, generation: 8 } because it doesn't exist in this World. See: https://bevyengine.org/learn/errors/#b0003
[2m2026-04-24T13:07:41.631889Z[0m [33m WARN[0m [2mbevy_ecs::world[0m[2m:[0m error[B0003]: Could not despawn entity Entity { index: 4870, generation: 9 } because it doesn't exist in this World. See: https://bevyengine.org/learn/errors/#b0003
[2m2026-04-24T13:07:41.631981Z[0m [33m WARN[0m [2mbevy_ecs::world[0m[2m:[0m error[B0003]: Could not despawn entity Entity { index: 3287, generation: 13 } because it doesn't exist in this World. See: https://bevyengine.org/learn/errors/#b0003
[2m2026-04-24T13:07:41.632070Z[0m [33m WARN[0m [2mbevy_ecs::world[0m[2m:[0m error[B0003]: Could not despawn entity Entity { index: 2435, generation: 14 } because it doesn't exist in this World. See: https://bevyengine.org/learn/errors/#b0003
[2m2026-04-24T13:07:41.632162Z[0m [33m WARN[0m [2mbevy_ecs::world[0m[2m:[0m error[B0003]: Could not despawn entity Entity { index: 4397, generation: 17 } because it doesn't exist in this World. See: https://bevyengine.org/learn/errors/#b0003
[2m2026-04-24T13:07:41.632250Z[0m [33m WARN[0m [2mbevy_ecs::world[0m[2m:[0m error[B0003]: Could not despawn entity Entity { index: 3606, generation: 11 } because it doesn't exist in this World. See: https://bevyengine.org/learn/errors/#b0003
[2m2026-04-24T13:07:41.632342Z[0m [33m WARN[0m [2mbevy_ecs::world[0m[2m:[0m error[B0003]: Could not despawn entity Entity { index: 4530, generation: 12 } because it doesn't exist in this World. See: https://bevyengine.org/learn/errors/#b0003
[2m2026-04-24T13:07:41.632434Z[0m [33m WARN[0m [2mbevy_ecs::world[0m[2m:[0m error[B0003]: Could not despawn entity Entity { index: 3268, generation: 15 } because it doesn't exist in this World. See: https://bevyengine.org/learn/errors/#b0003
[2m2026-04-24T13:07:41.632522Z[0m [33m WARN[0m [2mbevy_ecs::world[0m[2m:[0m error[B0003]: Could not despawn entity Entity { index: 2112, generation: 18 } because it doesn't exist in this World. See: https://bevyengine.org/learn/errors/#b0003
[2m2026-04-24T13:07:41.632611Z[0m [33m WARN[0m [2mbevy_ecs::world[0m[2m:[0m error[B0003]: Could not despawn entity Entity { index: 4747, generation: 14 } because it doesn't exist in this World. See: https://bevyengine.org/learn/errors/#b0003
[2m2026-04-24T13:07:41.632706Z[0m [33m WARN[0m [2mbevy_ecs::world[0m[2m:[0m error[B0003]: Could not despawn entity Entity { index: 5202, generation: 9 } because it doesn't exist in this World. See: https://bevyengine.org/learn/errors/#b0003
[2m2026-04-24T13:07:41.632804Z[0m [33m WARN[0m [2mbevy_ecs::world[0m[2m:[0m error[B0003]: Could not despawn entity Entity { index: 5313, generation: 6 } because it doesn't exist in this World. See: https://bevyengine.org/learn/errors/#b0003
[2m2026-04-24T13:07:41.632897Z[0m [33m WARN[0m [2mbevy_ecs::world[0m[2m:[0m error[B0003]: Could not despawn entity Entity { index: 3976, generation: 12 } because it doesn't exist in this World. See: https://bevyengine.org/learn/errors/#b0003
[2m2026-04-24T13:07:41.632989Z[0m [33m WARN[0m [2mbevy_ecs::world[0m[2m:[0m error[B0003]: Could not despawn entity Entity { index: 3938, generation: 11 } because it doesn't exist in this World. See: https://bevyengine.org/learn/errors/#b0003
[2m2026-04-24T13:07:41.633078Z[0m [33m WARN[0m [2mbevy_ecs::world[0m[2m:[0m error[B0003]: Could not despawn entity Entity { index: 1806, generation: 12 } because it doesn't exist in this World. See: https://bevyengine.org/learn/errors/#b0003
[2m2026-04-24T13:07:41.633170Z[0m [33m WARN[0m [2mbevy_ecs::world[0m[2m:[0m error[B0003]: Could not despawn entity Entity { index: 4039, generation: 16 } because it doesn't exist in this World. See: https://bevyengine.org/learn/errors/#b0003
[2m2026-04-24T13:07:41.633258Z[0m [33m WARN[0m [2mbevy_ecs::world[0m[2m:[0m error[B0003]: Could not despawn entity Entity { index: 4124, generation: 13 } because it doesn't exist in this World. See: https://bevyengine.org/learn/errors/#b0003
[2m2026-04-24T13:07:41.633350Z[0m [33m WARN[0m [2mbevy_ecs::world[0m[2m:[0m error[B0003]: Could not despawn entity Entity { index: 5189, generation: 9 } because it doesn't exist in this World. See: https://bevyengine.org/learn/errors/#b0003
[2m2026-04-24T13:07:41.633489Z[0m [33m WARN[0m [2mbevy_ecs::world[0m[2m:[0m error[B0003]: Could not despawn entity Entity { index: 3368, generation: 16 } because it doesn't exist in this World. See: https://bevyengine.org/learn/errors/#b0003
[2m2026-04-24T13:07:41.633580Z[0m [33m WARN[0m [2mbevy_ecs::world[0m[2m:[0m error[B0003]: Could not despawn entity Entity { index: 4017, generation: 13 } because it doesn't exist in this World. See: https://bevyengine.org/learn/errors/#b0003
[2m2026-04-24T13:07:41.633672Z[0m [33m WARN[0m [2mbevy_ecs::world[0m[2m:[0m error[B0003]: Could not despawn entity Entity { index: 1897, generation: 15 } because it doesn't exist in this World. See: https://bevyengine.org/learn/errors/#b0003
[2m2026-04-24T13:07:41.633760Z[0m [33m WARN[0m [2mbevy_ecs::world[0m[2m:[0m error[B0003]: Could not despawn entity Entity { index: 2911, generation: 17 } because it doesn't exist in this World. See: https://bevyengine.org/learn/errors/#b0003
[2m2026-04-24T13:07:41.633852Z[0m [33m WARN[0m [2mbevy_ecs::world[0m[2m:[0m error[B0003]: Could not despawn entity Entity { index: 1655, generation: 11 } because it doesn't exist in this World. See: https://bevyengine.org/learn/errors/#b0003
[2m2026-04-24T13:07:41.633944Z[0m [33m WARN[0m [2mbevy_ecs::world[0m[2m:[0m error[B0003]: Could not despawn entity Entity { index: 5036, generation: 10 } because it doesn't exist in this World. See: https://bevyengine.org/learn/errors/#b0003
[2m2026-04-24T13:07:41.634036Z[0m [33m WARN[0m [2mbevy_ecs::world[0m[2m:[0m error[B0003]: Could not despawn entity Entity { index: 4752, generation: 17 } because it doesn't exist in this World. See: https://bevyengine.org/learn/errors/#b0003
[2m2026-04-24T13:07:41.634172Z[0m [33m WARN[0m [2mbevy_ecs::world[0m[2m:[0m error[B0003]: Could not despawn entity Entity { index: 3243, generation: 11 } because it doesn't exist in this World. See: https://bevyengine.org/learn/errors/#b0003
[2m2026-04-24T13:07:41.634322Z[0m [33m WARN[0m [2mbevy_ecs::world[0m[2m:[0m error[B0003]: Could not despawn entity Entity { index: 2616, generation: 9 } because it doesn't exist in this World. See: https://bevyengine.org/learn/errors/#b0003
[2m2026-04-24T13:07:41.634435Z[0m [33m WARN[0m [2mbevy_ecs::world[0m[2m:[0m error[B0003]: Could not despawn entity Entity { index: 4230, generation: 15 } because it doesn't exist in this World. See: https://bevyengine.org/learn/errors/#b0003
[2m2026-04-24T13:07:41.634528Z[0m [33m WARN[0m [2mbevy_ecs::world[0m[2m:[0m error[B0003]: Could not despawn entity Entity { index: 4689, generation: 22 } because it doesn't exist in this World. See: https://bevyengine.org/learn/errors/#b0003
[2m2026-04-24T13:07:41.634623Z[0m [33m WARN[0m [2mbevy_ecs::world[0m[2m:[0m error[B0003]: Could not despawn entity Entity { index: 3120, generation: 15 } because it doesn't exist in this World. See: https://bevyengine.org/learn/errors/#b0003
[2m2026-04-24T13:07:41.634733Z[0m [33m WARN[0m [2mbevy_ecs::world[0m[2m:[0m error[B0003]: Could not despawn entity Entity { index: 2032, generation: 11 } because it doesn't exist in this World. See: https://bevyengine.org/learn/errors/#b0003
[2m2026-04-24T13:07:41.634846Z[0m [33m WARN[0m [2mbevy_ecs::world[0m[2m:[0m error[B0003]: Could not despawn entity Entity { index: 4988, generation: 13 } because it doesn't exist in this World. See: https://bevyengine.org/learn/errors/#b0003
[2m2026-04-24T13:07:41.634938Z[0m [33m WARN[0m [2mbevy_ecs::world[0m[2m:[0m error[B0003]: Could not despawn entity Entity { index: 3725, generation: 18 } because it doesn't exist in this World. See: https://bevyengine.org/learn/errors/#b0003
[2m2026-04-24T13:07:41.635032Z[0m [33m WARN[0m [2mbevy_ecs::world[0m[2m:[0m error[B0003]: Could not despawn entity Entity { index: 2491, generation: 13 } because it doesn't exist in this World. See: https://bevyengine.org/learn/errors/#b0003
[2m2026-04-24T13:07:41.635179Z[0m [33m WARN[0m [2mbevy_ecs::world[0m[2m:[0m error[B0003]: Could not despawn entity Entity { index: 4125, generation: 14 } because it doesn't exist in this World. See: https://bevyengine.org/learn/errors/#b0003
[2m2026-04-24T13:07:41.635274Z[0m [33m WARN[0m [2mbevy_ecs::world[0m[2m:[0m error[B0003]: Could not despawn entity Entity { index: 2946, generation: 13 } because it doesn't exist in this World. See: https://bevyengine.org/learn/errors/#b0003
[2m2026-04-24T13:07:41.635369Z[0m [33m WARN[0m [2mbevy_ecs::world[0m[2m:[0m error[B0003]: Could not despawn entity Entity { index: 4946, generation: 11 } because it doesn't exist in this World. See: https://bevyengine.org/learn/errors/#b0003
[2m2026-04-24T13:07:41.635469Z[0m [33m WARN[0m [2mbevy_ecs::world[0m[2m:[0m error[B0003]: Could not despawn entity Entity { index: 4298, generation: 10 } because it doesn't exist in this World. See: https://bevyengine.org/learn/errors/#b0003
[2m2026-04-24T13:07:41.635565Z[0m [33m WARN[0m [2mbevy_ecs::world[0m[2m:[0m error[B0003]: Could not despawn entity Entity { index: 2009, generation: 19 } because it doesn't exist in this World. See: https://bevyengine.org/learn/errors/#b0003
[2m2026-04-24T13:07:41.635661Z[0m [33m WARN[0m [2mbevy_ecs::world[0m[2m:[0m error[B0003]: Could not despawn entity Entity { index: 5069, generation: 10 } because it doesn't exist in this World. See: https://bevyengine.org/learn/errors/#b0003
[2m2026-04-24T13:07:41.635762Z[0m [33m WARN[0m [2mbevy_ecs::world[0m[2m:[0m error[B0003]: Could not despawn entity Entity { index: 1855, generation: 11 } because it doesn't exist in this World. See: https://bevyengine.org/learn/errors/#b0003
[2m2026-04-24T13:07:41.635856Z[0m [33m WARN[0m [2mbevy_ecs::world[0m[2m:[0m error[B0003]: Could not despawn entity Entity { index: 1656, generation: 20 } because it doesn't exist in this World. See: https://bevyengine.org/learn/errors/#b0003
[2m2026-04-24T13:07:41.635974Z[0m [33m WARN[0m [2mbevy_ecs::world[0m[2m:[0m error[B0003]: Could not despawn entity Entity { index: 3810, generation: 15 } because it doesn't exist in this World. See: https://bevyengine.org/learn/errors/#b0003
[2m2026-04-24T13:07:41.636066Z[0m [33m WARN[0m [2mbevy_ecs::world[0m[2m:[0m error[B0003]: Could not despawn entity Entity { index: 3504, generation: 13 } because it doesn't exist in this World. See: https://bevyengine.org/learn/errors/#b0003
[2m2026-04-24T13:07:41.636162Z[0m [33m WARN[0m [2mbevy_ecs::world[0m[2m:[0m error[B0003]: Could not despawn entity Entity { index: 4451, generation: 14 } because it doesn't exist in this World. See: https://bevyengine.org/learn/errors/#b0003
[2m2026-04-24T13:07:41.636257Z[0m [33m WARN[0m [2mbevy_ecs::world[0m[2m:[0m error[B0003]: Could not despawn entity Entity { index: 1623, generation: 18 } because it doesn't exist in this World. See: https://bevyengine.org/learn/errors/#b0003
[2m2026-04-24T13:07:41.636353Z[0m [33m WARN[0m [2mbevy_ecs::world[0m[2m:[0m error[B0003]: Could not despawn entity Entity { index: 2804, generation: 12 } because it doesn't exist in this World. See: https://bevyengine.org/learn/errors/#b0003
[2m2026-04-24T13:07:41.636454Z[0m [33m WARN[0m [2mbevy_ecs::world[0m[2m:[0m error[B0003]: Could not despawn entity Entity { index: 5301, generation: 11 } because it doesn't exist in this World. See: https://bevyengine.org/learn/errors/#b0003
[2m2026-04-24T13:07:41.636548Z[0m [33m WARN[0m [2mbevy_ecs::world[0m[2m:[0m error[B0003]: Could not despawn entity Entity { index: 2434, generation: 10 } because it doesn't exist in this World. See: https://bevyengine.org/learn/errors/#b0003
[2m2026-04-24T13:07:41.636640Z[0m [33m WARN[0m [2mbevy_ecs::world[0m[2m:[0m error[B0003]: Could not despawn entity Entity { index: 2335, generation: 7 } because it doesn't exist in this World. See: https://bevyengine.org/learn/errors/#b0003
[2m2026-04-24T13:07:41.636810Z[0m [33m WARN[0m [2mbevy_ecs::world[0m[2m:[0m error[B0003]: Could not despawn entity Entity { index: 1922, generation: 10 } because it doesn't exist in this World. See: https://bevyengine.org/learn/errors/#b0003
[2m2026-04-24T13:07:41.636912Z[0m [33m WARN[0m [2mbevy_ecs::world[0m[2m:[0m error[B0003]: Could not despawn entity Entity { index: 1886, generation: 13 } because it doesn't exist in this World. See: https://bevyengine.org/learn/errors/#b0003
[2m2026-04-24T13:07:41.637002Z[0m [33m WARN[0m [2mbevy_ecs::world[0m[2m:[0m error[B0003]: Could not despawn entity Entity { index: 3190, generation: 16 } because it doesn't exist in this World. See: https://bevyengine.org/learn/errors/#b0003
[2m2026-04-24T13:07:41.637091Z[0m [33m WARN[0m [2mbevy_ecs::world[0m[2m:[0m error[B0003]: Could not despawn entity Entity { index: 4828, generation: 11 } because it doesn't exist in this World. See: https://bevyengine.org/learn/errors/#b0003
[2m2026-04-24T13:07:41.637185Z[0m [33m WARN[0m [2mbevy_ecs::world[0m[2m:[0m error[B0003]: Could not despawn entity Entity { index: 2001, generation: 9 } because it doesn't exist in this World. See: https://bevyengine.org/learn/errors/#b0003
[2m2026-04-24T13:07:41.637277Z[0m [33m WARN[0m [2mbevy_ecs::world[0m[2m:[0m error[B0003]: Could not despawn entity Entity { index: 2579, generation: 15 } because it doesn't exist in this World. See: https://bevyengine.org/learn/errors/#b0003
[2m2026-04-24T13:07:41.637368Z[0m [33m WARN[0m [2mbevy_ecs::world[0m[2m:[0m error[B0003]: Could not despawn entity Entity { index: 5196, generation: 11 } because it doesn't exist in this World. See: https://bevyengine.org/learn/errors/#b0003
[2m2026-04-24T13:07:41.637459Z[0m [33m WARN[0m [2mbevy_ecs::world[0m[2m:[0m error[B0003]: Could not despawn entity Entity { index: 2515, generation: 11 } because it doesn't exist in this World. See: https://bevyengine.org/learn/errors/#b0003
[2m2026-04-24T13:07:41.637553Z[0m [33m WARN[0m [2mbevy_ecs::world[0m[2m:[0m error[B0003]: Could not despawn entity Entity { index: 2547, generation: 14 } because it doesn't exist in this World. See: https://bevyengine.org/learn/errors/#b0003
[2m2026-04-24T13:07:41.637648Z[0m [33m WARN[0m [2mbevy_ecs::world[0m[2m:[0m error[B0003]: Could not despawn entity Entity { index: 1892, generation: 8 } because it doesn't exist in this World. See: https://bevyengine.org/learn/errors/#b0003
[2m2026-04-24T13:07:41.637740Z[0m [33m WARN[0m [2mbevy_ecs::world[0m[2m:[0m error[B0003]: Could not despawn entity Entity { index: 3258, generation: 16 } because it doesn't exist in this World. See: https://bevyengine.org/learn/errors/#b0003
[2m2026-04-24T13:07:41.637830Z[0m [33m WARN[0m [2mbevy_ecs::world[0m[2m:[0m error[B0003]: Could not despawn entity Entity { index: 3593, generation: 15 } because it doesn't exist in this World. See: https://bevyengine.org/learn/errors/#b0003
[2m2026-04-24T13:09:06.422648Z[0m [33m WARN[0m [2mbevy_ecs::world[0m[2m:[0m error[B0003]: Could not despawn entity Entity { index: 5712, generation: 1 } because it doesn't exist in this World. See: https://bevyengine.org/learn/errors/#b0003
[2m2026-04-24T13:09:06.423314Z[0m [33m WARN[0m [2mbevy_ecs::world[0m[2m:[0m error[B0003]: Could not despawn entity Entity { index: 6875, generation: 1 } because it doesn't exist in this World. See: https://bevyengine.org/learn/errors/#b0003
[2m2026-04-24T13:09:06.423443Z[0m [33m WARN[0m [2mbevy_ecs::world[0m[2m:[0m error[B0003]: Could not despawn entity Entity { index: 6876, generation: 1 } because it doesn't exist in this World. See: https://bevyengine.org/learn/errors/#b0003
[2m2026-04-24T13:09:06.423560Z[0m [33m WARN[0m [2mbevy_ecs::world[0m[2m:[0m error[B0003]: Could not despawn entity Entity { index: 6018, generation: 1 } because it doesn't exist in this World. See: https://bevyengine.org/learn/errors/#b0003
[2m2026-04-24T13:09:06.423668Z[0m [33m WARN[0m [2mbevy_ecs::world[0m[2m:[0m error[B0003]: Could not despawn entity Entity { index: 6639, generation: 1 } because it doesn't exist in this World. See: https://bevyengine.org/learn/errors/#b0003
[2m2026-04-24T13:09:06.423793Z[0m [33m WARN[0m [2mbevy_ecs::world[0m[2m:[0m error[B0003]: Could not despawn entity Entity { index: 6638, generation: 1 } because it doesn't exist in this World. See: https://bevyengine.org/learn/errors/#b0003
[2m2026-04-24T13:09:06.423899Z[0m [33m WARN[0m [2mbevy_ecs::world[0m[2m:[0m error[B0003]: Could not despawn entity Entity { index: 7173, generation: 1 } because it doesn't exist in this World. See: https://bevyengine.org/learn/errors/#b0003
[2m2026-04-24T13:09:06.424016Z[0m [33m WARN[0m [2mbevy_ecs::world[0m[2m:[0m error[B0003]: Could not despawn entity Entity { index: 7172, generation: 1 } because it doesn't exist in this World. See: https://bevyengine.org/learn/errors/#b0003
[2m2026-04-24T13:09:06.424133Z[0m [33m WARN[0m [2mbevy_ecs::world[0m[2m:[0m error[B0003]: Could not despawn entity Entity { index: 5892, generation: 1 } because it doesn't exist in this World. See: https://bevyengine.org/learn/errors/#b0003
[2m2026-04-24T13:09:06.424265Z[0m [33m WARN[0m [2mbevy_ecs::world[0m[2m:[0m error[B0003]: Could not despawn entity Entity { index: 7558, generation: 1 } because it doesn't exist in this World. See: https://bevyengine.org/learn/errors/#b0003
[2m2026-04-24T13:09:06.424370Z[0m [33m WARN[0m [2mbevy_ecs::world[0m[2m:[0m error[B0003]: Could not despawn entity Entity { index: 6244, generation: 1 } because it doesn't exist in this World. See: https://bevyengine.org/learn/errors/#b0003
[2m2026-04-24T13:09:06.424484Z[0m [33m WARN[0m [2mbevy_ecs::world[0m[2m:[0m error[B0003]: Could not despawn entity Entity { index: 6863, generation: 1 } because it doesn't exist in this World. See: https://bevyengine.org/learn/errors/#b0003
[2m2026-04-24T13:09:06.424587Z[0m [33m WARN[0m [2mbevy_ecs::world[0m[2m:[0m error[B0003]: Could not despawn entity Entity { index: 5724, generation: 1 } because it doesn't exist in this World. See: https://bevyengine.org/learn/errors/#b0003
[2m2026-04-24T13:09:06.424690Z[0m [33m WARN[0m [2mbevy_ecs::world[0m[2m:[0m error[B0003]: Could not despawn entity Entity { index: 5725, generation: 1 } because it doesn't exist in this World. See: https://bevyengine.org/learn/errors/#b0003
[2m2026-04-24T13:09:06.424795Z[0m [33m WARN[0m [2mbevy_ecs::world[0m[2m:[0m error[B0003]: Could not despawn entity Entity { index: 5726, generation: 1 } because it doesn't exist in this World. See: https://bevyengine.org/learn/errors/#b0003
[2m2026-04-24T13:09:06.424897Z[0m [33m WARN[0m [2mbevy_ecs::world[0m[2m:[0m error[B0003]: Could not despawn entity Entity { index: 6637, generation: 1 } because it doesn't exist in this World. See: https://bevyengine.org/learn/errors/#b0003
[2m2026-04-24T13:09:06.425004Z[0m [33m WARN[0m [2mbevy_ecs::world[0m[2m:[0m error[B0003]: Could not despawn entity Entity { index: 6991, generation: 1 } because it doesn't exist in this World. See: https://bevyengine.org/learn/errors/#b0003
[2m2026-04-24T13:09:06.425117Z[0m [33m WARN[0m [2mbevy_ecs::world[0m[2m:[0m error[B0003]: Could not despawn entity Entity { index: 6990, generation: 1 } because it doesn't exist in this World. See: https://bevyengine.org/learn/errors/#b0003
[2m2026-04-24T13:09:06.425280Z[0m [33m WARN[0m [2mbevy_ecs::world[0m[2m:[0m error[B0003]: Could not despawn entity Entity { index: 7102, generation: 1 } because it doesn't exist in this World. See: https://bevyengine.org/learn/errors/#b0003
[2m2026-04-24T13:09:06.425402Z[0m [33m WARN[0m [2mbevy_ecs::world[0m[2m:[0m error[B0003]: Could not despawn entity Entity { index: 7103, generation: 1 } because it doesn't exist in this World. See: https://bevyengine.org/learn/errors/#b0003
[2m2026-04-24T13:09:06.425509Z[0m [33m WARN[0m [2mbevy_ecs::world[0m[2m:[0m error[B0003]: Could not despawn entity Entity { index: 6568, generation: 1 } because it doesn't exist in this World. See: https://bevyengine.org/learn/errors/#b0003
[2m2026-04-24T13:09:06.425612Z[0m [33m WARN[0m [2mbevy_ecs::world[0m[2m:[0m error[B0003]: Could not despawn entity Entity { index: 7628, generation: 1 } because it doesn't exist in this World. See: https://bevyengine.org/learn/errors/#b0003
[2m2026-04-24T13:09:06.425714Z[0m [33m WARN[0m [2mbevy_ecs::world[0m[2m:[0m error[B0003]: Could not despawn entity Entity { index: 7627, generation: 1 } because it doesn't exist in this World. See: https://bevyengine.org/learn/errors/#b0003
[2m2026-04-24T13:09:06.426763Z[0m [33m WARN[0m [2mbevy_ecs::world[0m[2m:[0m error[B0003]: Could not despawn entity Entity { index: 7626, generation: 1 } because it doesn't exist in this World. See: https://bevyengine.org/learn/errors/#b0003
[2m2026-04-24T13:09:06.426884Z[0m [33m WARN[0m [2mbevy_ecs::world[0m[2m:[0m error[B0003]: Could not despawn entity Entity { index: 6186, generation: 1 } because it doesn't exist in this World. See: https://bevyengine.org/learn/errors/#b0003
[2m2026-04-24T13:09:06.426994Z[0m [33m WARN[0m [2mbevy_ecs::world[0m[2m:[0m error[B0003]: Could not despawn entity Entity { index: 6541, generation: 1 } because it doesn't exist in this World. See: https://bevyengine.org/learn/errors/#b0003
[2m2026-04-24T13:09:06.427111Z[0m [33m WARN[0m [2mbevy_ecs::world[0m[2m:[0m error[B0003]: Could not despawn entity Entity { index: 5738, generation: 1 } because it doesn't exist in this World. See: https://bevyengine.org/learn/errors/#b0003
[2m2026-04-24T13:09:06.427254Z[0m [33m WARN[0m [2mbevy_ecs::world[0m[2m:[0m error[B0003]: Could not despawn entity Entity { index: 5739, generation: 1 } because it doesn't exist in this World. See: https://bevyengine.org/learn/errors/#b0003
[2m2026-04-24T13:09:13.179488Z[0m [33m WARN[0m [2mbevy_hierarchy::valid_parent_check_plugin[0m[2m:[0m warning[B0004]: The Weapon:RPG entity with the InheritedVisibility component has a parent without InheritedVisibility.
This will cause inconsistent behaviors! See: https://bevyengine.org/learn/errors/#b0004
[2m2026-04-24T13:09:14.373593Z[0m [33m WARN[0m [2mbevy_hierarchy::valid_parent_check_plugin[0m[2m:[0m warning[B0004]: The Weapon:GLncr entity with the InheritedVisibility component has a parent without InheritedVisibility.
This will cause inconsistent behaviors! See: https://bevyengine.org/learn/errors/#b0004
[2m2026-04-24T13:09:14.824346Z[0m [33m WARN[0m [2mbevy_hierarchy::valid_parent_check_plugin[0m[2m:[0m warning[B0004]: The Weapon:RPG entity with the InheritedVisibility component has a parent without InheritedVisibility.
This will cause inconsistent behaviors! See: https://bevyengine.org/learn/errors/#b0004
[2m2026-04-24T13:09:18.226402Z[0m [33m WARN[0m [2mbevy_ecs::world[0m[2m:[0m error[B0003]: Could not despawn entity Entity { index: 5935, generation: 5 } because it doesn't exist in this World. See: https://bevyengine.org/learn/errors/#b0003
[2m2026-04-24T13:09:18.226958Z[0m [33m WARN[0m [2mbevy_ecs::world[0m[2m:[0m error[B0003]: Could not despawn entity Entity { index: 6359, generation: 5 } because it doesn't exist in this World. See: https://bevyengine.org/learn/errors/#b0003
[2m2026-04-24T13:09:18.227080Z[0m [33m WARN[0m [2mbevy_ecs::world[0m[2m:[0m error[B0003]: Could not despawn entity Entity { index: 6358, generation: 5 } because it doesn't exist in this World. See: https://bevyengine.org/learn/errors/#b0003
[2m2026-04-24T13:09:18.227212Z[0m [33m WARN[0m [2mbevy_ecs::world[0m[2m:[0m error[B0003]: Could not despawn entity Entity { index: 6357, generation: 5 } because it doesn't exist in this World. See: https://bevyengine.org/learn/errors/#b0003
[2m2026-04-24T13:09:18.227312Z[0m [33m WARN[0m [2mbevy_ecs::world[0m[2m:[0m error[B0003]: Could not despawn entity Entity { index: 6515, generation: 5 } because it doesn't exist in this World. See: https://bevyengine.org/learn/errors/#b0003
[2m2026-04-24T13:09:18.227420Z[0m [33m WARN[0m [2mbevy_ecs::world[0m[2m:[0m error[B0003]: Could not despawn entity Entity { index: 6442, generation: 5 } because it doesn't exist in this World. See: https://bevyengine.org/learn/errors/#b0003
[2m2026-04-24T13:09:18.227537Z[0m [33m WARN[0m [2mbevy_ecs::world[0m[2m:[0m error[B0003]: Could not despawn entity Entity { index: 6441, generation: 5 } because it doesn't exist in this World. See: https://bevyengine.org/learn/errors/#b0003
[2m2026-04-24T13:09:18.227636Z[0m [33m WARN[0m [2mbevy_ecs::world[0m[2m:[0m error[B0003]: Could not despawn entity Entity { index: 6431, generation: 5 } because it doesn't exist in this World. See: https://bevyengine.org/learn/errors/#b0003
[2m2026-04-24T13:09:18.227733Z[0m [33m WARN[0m [2mbevy_ecs::world[0m[2m:[0m error[B0003]: Could not despawn entity Entity { index: 6430, generation: 5 } because it doesn't exist in this World. See: https://bevyengine.org/learn/errors/#b0003
[2m2026-04-24T13:09:18.227829Z[0m [33m WARN[0m [2mbevy_ecs::world[0m[2m:[0m error[B0003]: Could not despawn entity Entity { index: 6403, generation: 5 } because it doesn't exist in this World. See: https://bevyengine.org/learn/errors/#b0003
[2m2026-04-24T13:09:18.227925Z[0m [33m WARN[0m [2mbevy_ecs::world[0m[2m:[0m error[B0003]: Could not despawn entity Entity { index: 6289, generation: 4 } because it doesn't exist in this World. See: https://bevyengine.org/learn/errors/#b0003
[2m2026-04-24T13:09:18.228018Z[0m [33m WARN[0m [2mbevy_ecs::world[0m[2m:[0m error[B0003]: Could not despawn entity Entity { index: 6235, generation: 4 } because it doesn't exist in this World. See: https://bevyengine.org/learn/errors/#b0003
[2m2026-04-24T13:09:18.228109Z[0m [33m WARN[0m [2mbevy_ecs::world[0m[2m:[0m error[B0003]: Could not despawn entity Entity { index: 6234, generation: 4 } because it doesn't exist in this World. See: https://bevyengine.org/learn/errors/#b0003
[2m2026-04-24T13:09:18.228240Z[0m [33m WARN[0m [2mbevy_ecs::world[0m[2m:[0m error[B0003]: Could not despawn entity Entity { index: 6207, generation: 4 } because it doesn't exist in this World. See: https://bevyengine.org/learn/errors/#b0003
[2m2026-04-24T13:11:43.212770Z[0m [33m WARN[0m [2mbevy_hierarchy::valid_parent_check_plugin[0m[2m:[0m warning[B0004]: The Weapon:GLncr entity with the InheritedVisibility component has a parent without InheritedVisibility.
This will cause inconsistent behaviors! See: https://bevyengine.org/learn/errors/#b0004
[2m2026-04-24T13:13:26.946640Z[0m [33m WARN[0m [2mbevy_ecs::world[0m[2m:[0m error[B0003]: Could not despawn entity Entity { index: 4589, generation: 44 } because it doesn't exist in this World. See: https://bevyengine.org/learn/errors/#b0003
[2m2026-04-24T13:13:26.947370Z[0m [33m WARN[0m [2mbevy_ecs::world[0m[2m:[0m error[B0003]: Could not despawn entity Entity { index: 6109, generation: 32 } because it doesn't exist in this World. See: https://bevyengine.org/learn/errors/#b0003
[2m2026-04-24T13:13:26.947557Z[0m [33m WARN[0m [2mbevy_ecs::world[0m[2m:[0m error[B0003]: Could not despawn entity Entity { index: 5534, generation: 36 } because it doesn't exist in this World. See: https://bevyengine.org/learn/errors/#b0003
[2m2026-04-24T13:13:26.947677Z[0m [33m WARN[0m [2mbevy_ecs::world[0m[2m:[0m error[B0003]: Could not despawn entity Entity { index: 3074, generation: 54 } because it doesn't exist in this World. See: https://bevyengine.org/learn/errors/#b0003
[2m2026-04-24T13:13:26.947822Z[0m [33m WARN[0m [2mbevy_ecs::world[0m[2m:[0m error[B0003]: Could not despawn entity Entity { index: 2769, generation: 39 } because it doesn't exist in this World. See: https://bevyengine.org/learn/errors/#b0003
[2m2026-04-24T13:13:26.947926Z[0m [33m WARN[0m [2mbevy_ecs::world[0m[2m:[0m error[B0003]: Could not despawn entity Entity { index: 10512, generation: 23 } because it doesn't exist in this World. See: https://bevyengine.org/learn/errors/#b0003
[2m2026-04-24T13:14:08.056208Z[0m [33m WARN[0m [2mbevy_ecs::world[0m[2m:[0m error[B0003]: Could not despawn entity Entity { index: 5263, generation: 65 } because it doesn't exist in this World. See: https://bevyengine.org/learn/errors/#b0003
[2m2026-04-24T13:14:08.056870Z[0m [33m WARN[0m [2mbevy_ecs::world[0m[2m:[0m error[B0003]: Could not despawn entity Entity { index: 4153, generation: 56 } because it doesn't exist in this World. See: https://bevyengine.org/learn/errors/#b0003
[2m2026-04-24T13:14:08.057065Z[0m [33m WARN[0m [2mbevy_ecs::world[0m[2m:[0m error[B0003]: Could not despawn entity Entity { index: 9436, generation: 30 } because it doesn't exist in this World. See: https://bevyengine.org/learn/errors/#b0003
[2m2026-04-24T13:14:08.057219Z[0m [33m WARN[0m [2mbevy_ecs::world[0m[2m:[0m error[B0003]: Could not despawn entity Entity { index: 2609, generation: 53 } because it doesn't exist in this World. See: https://bevyengine.org/learn/errors/#b0003
[2m2026-04-24T13:14:08.057366Z[0m [33m WARN[0m [2mbevy_ecs::world[0m[2m:[0m error[B0003]: Could not despawn entity Entity { index: 1854, generation: 52 } because it doesn't exist in this World. See: https://bevyengine.org/learn/errors/#b0003
[2m2026-04-24T13:14:08.057519Z[0m [33m WARN[0m [2mbevy_ecs::world[0m[2m:[0m error[B0003]: Could not despawn entity Entity { index: 11530, generation: 30 } because it doesn't exist in this World. See: https://bevyengine.org/learn/errors/#b0003
[2m2026-04-24T13:14:08.057662Z[0m [33m WARN[0m [2mbevy_ecs::world[0m[2m:[0m error[B0003]: Could not despawn entity Entity { index: 4743, generation: 36 } because it doesn't exist in this World. See: https://bevyengine.org/learn/errors/#b0003
[2m2026-04-24T13:14:08.057824Z[0m [33m WARN[0m [2mbevy_ecs::world[0m[2m:[0m error[B0003]: Could not despawn entity Entity { index: 11830, generation: 13 } because it doesn't exist in this World. See: https://bevyengine.org/learn/errors/#b0003
[2m2026-04-24T13:14:08.057979Z[0m [33m WARN[0m [2mbevy_ecs::world[0m[2m:[0m error[B0003]: Could not despawn entity Entity { index: 10849, generation: 33 } because it doesn't exist in this World. See: https://bevyengine.org/learn/errors/#b0003
[2m2026-04-24T13:14:08.058103Z[0m [33m WARN[0m [2mbevy_ecs::world[0m[2m:[0m error[B0003]: Could not despawn entity Entity { index: 5249, generation: 54 } because it doesn't exist in this World. See: https://bevyengine.org/learn/errors/#b0003
[2m2026-04-24T13:14:08.058224Z[0m [33m WARN[0m [2mbevy_ecs::world[0m[2m:[0m error[B0003]: Could not despawn entity Entity { index: 8440, generation: 24 } because it doesn't exist in this World. See: https://bevyengine.org/learn/errors/#b0003
[2m2026-04-24T13:14:08.058352Z[0m [33m WARN[0m [2mbevy_ecs::world[0m[2m:[0m error[B0003]: Could not despawn entity Entity { index: 4823, generation: 52 } because it doesn't exist in this World. See: https://bevyengine.org/learn/errors/#b0003
[2m2026-04-24T13:14:08.058456Z[0m [33m WARN[0m [2mbevy_ecs::world[0m[2m:[0m error[B0003]: Could not despawn entity Entity { index: 3059, generation: 45 } because it doesn't exist in this World. See: https://bevyengine.org/learn/errors/#b0003
[2m2026-04-24T13:14:08.058557Z[0m [33m WARN[0m [2mbevy_ecs::world[0m[2m:[0m error[B0003]: Could not despawn entity Entity { index: 9766, generation: 25 } because it doesn't exist in this World. See: https://bevyengine.org/learn/errors/#b0003
[2m2026-04-24T13:14:08.356192Z[0m [33m WARN[0m [2mbevy_ecs::world[0m[2m:[0m error[B0003]: Could not despawn entity Entity { index: 9350, generation: 11 } because it doesn't exist in this World. See: https://bevyengine.org/learn/errors/#b0003
[2m2026-04-24T13:14:08.356815Z[0m [33m WARN[0m [2mbevy_ecs::world[0m[2m:[0m error[B0003]: Could not despawn entity Entity { index: 5166, generation: 52 } because it doesn't exist in this World. See: https://bevyengine.org/learn/errors/#b0003
[2m2026-04-24T13:14:08.356944Z[0m [33m WARN[0m [2mbevy_ecs::world[0m[2m:[0m error[B0003]: Could not despawn entity Entity { index: 3243, generation: 56 } because it doesn't exist in this World. See: https://bevyengine.org/learn/errors/#b0003
[2m2026-04-24T13:14:08.357114Z[0m [33m WARN[0m [2mbevy_ecs::world[0m[2m:[0m error[B0003]: Could not despawn entity Entity { index: 11535, generation: 29 } because it doesn't exist in this World. See: https://bevyengine.org/learn/errors/#b0003
[2m2026-04-24T13:14:08.357286Z[0m [33m WARN[0m [2mbevy_ecs::world[0m[2m:[0m error[B0003]: Could not despawn entity Entity { index: 8409, generation: 39 } because it doesn't exist in this World. See: https://bevyengine.org/learn/errors/#b0003
[2m2026-04-24T13:14:08.357392Z[0m [33m WARN[0m [2mbevy_ecs::world[0m[2m:[0m error[B0003]: Could not despawn entity Entity { index: 4709, generation: 45 } because it doesn't exist in this World. See: https://bevyengine.org/learn/errors/#b0003
[2m2026-04-24T13:14:08.357508Z[0m [33m WARN[0m [2mbevy_ecs::world[0m[2m:[0m error[B0003]: Could not despawn entity Entity { index: 6163, generation: 37 } because it doesn't exist in this World. See: https://bevyengine.org/learn/errors/#b0003
[2m2026-04-24T13:14:08.357644Z[0m [33m WARN[0m [2mbevy_ecs::world[0m[2m:[0m error[B0003]: Could not despawn entity Entity { index: 2734, generation: 60 } because it doesn't exist in this World. See: https://bevyengine.org/learn/errors/#b0003
[2m2026-04-24T13:14:08.357799Z[0m [33m WARN[0m [2mbevy_ecs::world[0m[2m:[0m error[B0003]: Could not despawn entity Entity { index: 11022, generation: 36 } because it doesn't exist in this World. See: https://bevyengine.org/learn/errors/#b0003
[2m2026-04-24T13:14:08.357901Z[0m [33m WARN[0m [2mbevy_ecs::world[0m[2m:[0m error[B0003]: Could not despawn entity Entity { index: 6698, generation: 22 } because it doesn't exist in this World. See: https://bevyengine.org/learn/errors/#b0003
[2m2026-04-24T13:14:08.357997Z[0m [33m WARN[0m [2mbevy_ecs::world[0m[2m:[0m error[B0003]: Could not despawn entity Entity { index: 4557, generation: 61 } because it doesn't exist in this World. See: https://bevyengine.org/learn/errors/#b0003
[2m2026-04-24T13:14:08.358107Z[0m [33m WARN[0m [2mbevy_ecs::world[0m[2m:[0m error[B0003]: Could not despawn entity Entity { index: 2082, generation: 34 } because it doesn't exist in this World. See: https://bevyengine.org/learn/errors/#b0003
[2m2026-04-24T13:14:08.358213Z[0m [33m WARN[0m [2mbevy_ecs::world[0m[2m:[0m error[B0003]: Could not despawn entity Entity { index: 6782, generation: 47 } because it doesn't exist in this World. See: https://bevyengine.org/learn/errors/#b0003
[2m2026-04-24T13:14:08.358310Z[0m [33m WARN[0m [2mbevy_ecs::world[0m[2m:[0m error[B0003]: Could not despawn entity Entity { index: 9606, generation: 29 } because it doesn't exist in this World. See: https://bevyengine.org/learn/errors/#b0003
[2m2026-04-24T13:14:25.685408Z[0m [33m WARN[0m [2mbevy_hierarchy::valid_parent_check_plugin[0m[2m:[0m warning[B0004]: The Weapon:RPG entity with the InheritedVisibility component has a parent without InheritedVisibility.
This will cause inconsistent behaviors! See: https://bevyengine.org/learn/errors/#b0004
[2m2026-04-24T13:15:30.913699Z[0m [33m WARN[0m [2mbevy_ecs::world[0m[2m:[0m error[B0003]: Could not despawn entity Entity { index: 6235, generation: 73 } because it doesn't exist in this World. See: https://bevyengine.org/learn/errors/#b0003
[2m2026-04-24T13:15:30.914342Z[0m [33m WARN[0m [2mbevy_ecs::world[0m[2m:[0m error[B0003]: Could not despawn entity Entity { index: 5805, generation: 31 } because it doesn't exist in this World. See: https://bevyengine.org/learn/errors/#b0003
[2m2026-04-24T13:15:30.914509Z[0m [33m WARN[0m [2mbevy_ecs::world[0m[2m:[0m error[B0003]: Could not despawn entity Entity { index: 6153, generation: 28 } because it doesn't exist in this World. See: https://bevyengine.org/learn/errors/#b0003
[2m2026-04-24T13:15:30.914679Z[0m [33m WARN[0m [2mbevy_ecs::world[0m[2m:[0m error[B0003]: Could not despawn entity Entity { index: 10765, generation: 40 } because it doesn't exist in this World. See: https://bevyengine.org/learn/errors/#b0003
[2m2026-04-24T13:15:30.914847Z[0m [33m WARN[0m [2mbevy_ecs::world[0m[2m:[0m error[B0003]: Could not despawn entity Entity { index: 6958, generation: 27 } because it doesn't exist in this World. See: https://bevyengine.org/learn/errors/#b0003
[2m2026-04-24T13:15:30.914967Z[0m [33m WARN[0m [2mbevy_ecs::world[0m[2m:[0m error[B0003]: Could not despawn entity Entity { index: 2775, generation: 48 } because it doesn't exist in this World. See: https://bevyengine.org/learn/errors/#b0003
[2m2026-04-24T13:15:30.915073Z[0m [33m WARN[0m [2mbevy_ecs::world[0m[2m:[0m error[B0003]: Could not despawn entity Entity { index: 7426, generation: 57 } because it doesn't exist in this World. See: https://bevyengine.org/learn/errors/#b0003
[2m2026-04-24T13:15:30.915180Z[0m [33m WARN[0m [2mbevy_ecs::world[0m[2m:[0m error[B0003]: Could not despawn entity Entity { index: 9449, generation: 41 } because it doesn't exist in this World. See: https://bevyengine.org/learn/errors/#b0003
[2m2026-04-24T13:15:30.915325Z[0m [33m WARN[0m [2mbevy_ecs::world[0m[2m:[0m error[B0003]: Could not despawn entity Entity { index: 8568, generation: 36 } because it doesn't exist in this World. See: https://bevyengine.org/learn/errors/#b0003
[2m2026-04-24T13:15:30.915458Z[0m [33m WARN[0m [2mbevy_ecs::world[0m[2m:[0m error[B0003]: Could not despawn entity Entity { index: 7318, generation: 33 } because it doesn't exist in this World. See: https://bevyengine.org/learn/errors/#b0003
[2m2026-04-24T13:15:30.915605Z[0m [33m WARN[0m [2mbevy_ecs::world[0m[2m:[0m error[B0003]: Could not despawn entity Entity { index: 2446, generation: 82 } because it doesn't exist in this World. See: https://bevyengine.org/learn/errors/#b0003
[2m2026-04-24T13:15:30.915756Z[0m [33m WARN[0m [2mbevy_ecs::world[0m[2m:[0m error[B0003]: Could not despawn entity Entity { index: 5618, generation: 49 } because it doesn't exist in this World. See: https://bevyengine.org/learn/errors/#b0003
[2m2026-04-24T13:15:30.915889Z[0m [33m WARN[0m [2mbevy_ecs::world[0m[2m:[0m error[B0003]: Could not despawn entity Entity { index: 3913, generation: 58 } because it doesn't exist in this World. See: https://bevyengine.org/learn/errors/#b0003
[2m2026-04-24T13:15:30.915999Z[0m [33m WARN[0m [2mbevy_ecs::world[0m[2m:[0m error[B0003]: Could not despawn entity Entity { index: 7103, generation: 28 } because it doesn't exist in this World. See: https://bevyengine.org/learn/errors/#b0003
[2m2026-04-24T13:15:30.916147Z[0m [33m WARN[0m [2mbevy_ecs::world[0m[2m:[0m error[B0003]: Could not despawn entity Entity { index: 2542, generation: 52 } because it doesn't exist in this World. See: https://bevyengine.org/learn/errors/#b0003
[2m2026-04-24T13:15:30.916285Z[0m [33m WARN[0m [2mbevy_ecs::world[0m[2m:[0m error[B0003]: Could not despawn entity Entity { index: 9894, generation: 32 } because it doesn't exist in this World. See: https://bevyengine.org/learn/errors/#b0003
[2m2026-04-24T13:15:30.916409Z[0m [33m WARN[0m [2mbevy_ecs::world[0m[2m:[0m error[B0003]: Could not despawn entity Entity { index: 11287, generation: 33 } because it doesn't exist in this World. See: https://bevyengine.org/learn/errors/#b0003
[2m2026-04-24T13:15:30.916512Z[0m [33m WARN[0m [2mbevy_ecs::world[0m[2m:[0m error[B0003]: Could not despawn entity Entity { index: 3314, generation: 45 } because it doesn't exist in this World. See: https://bevyengine.org/learn/errors/#b0003
[2m2026-04-24T13:15:30.916615Z[0m [33m WARN[0m [2mbevy_ecs::world[0m[2m:[0m error[B0003]: Could not despawn entity Entity { index: 5054, generation: 58 } because it doesn't exist in this World. See: https://bevyengine.org/learn/errors/#b0003
[2m2026-04-24T13:15:30.916717Z[0m [33m WARN[0m [2mbevy_ecs::world[0m[2m:[0m error[B0003]: Could not despawn entity Entity { index: 2090, generation: 57 } because it doesn't exist in this World. See: https://bevyengine.org/learn/errors/#b0003
[2m2026-04-24T13:15:30.916823Z[0m [33m WARN[0m [2mbevy_ecs::world[0m[2m:[0m error[B0003]: Could not despawn entity Entity { index: 10594, generation: 31 } because it doesn't exist in this World. See: https://bevyengine.org/learn/errors/#b0003
[2m2026-04-24T13:15:30.916934Z[0m [33m WARN[0m [2mbevy_ecs::world[0m[2m:[0m error[B0003]: Could not despawn entity Entity { index: 5527, generation: 47 } because it doesn't exist in this World. See: https://bevyengine.org/learn/errors/#b0003
[2m2026-04-24T13:15:30.917047Z[0m [33m WARN[0m [2mbevy_ecs::world[0m[2m:[0m error[B0003]: Could not despawn entity Entity { index: 9198, generation: 38 } because it doesn't exist in this World. See: https://bevyengine.org/learn/errors/#b0003
[2m2026-04-24T13:15:30.917151Z[0m [33m WARN[0m [2mbevy_ecs::world[0m[2m:[0m error[B0003]: Could not despawn entity Entity { index: 8944, generation: 40 } because it doesn't exist in this World. See: https://bevyengine.org/learn/errors/#b0003
[2m2026-04-24T13:15:30.917252Z[0m [33m WARN[0m [2mbevy_ecs::world[0m[2m:[0m error[B0003]: Could not despawn entity Entity { index: 11463, generation: 46 } because it doesn't exist in this World. See: https://bevyengine.org/learn/errors/#b0003
[2m2026-04-24T13:15:30.917353Z[0m [33m WARN[0m [2mbevy_ecs::world[0m[2m:[0m error[B0003]: Could not despawn entity Entity { index: 7404, generation: 49 } because it doesn't exist in this World. See: https://bevyengine.org/learn/errors/#b0003
[2m2026-04-24T13:15:30.917454Z[0m [33m WARN[0m [2mbevy_ecs::world[0m[2m:[0m error[B0003]: Could not despawn entity Entity { index: 11543, generation: 17 } because it doesn't exist in this World. See: https://bevyengine.org/learn/errors/#b0003
[2m2026-04-24T13:15:30.917555Z[0m [33m WARN[0m [2mbevy_ecs::world[0m[2m:[0m error[B0003]: Could not despawn entity Entity { index: 4404, generation: 51 } because it doesn't exist in this World. See: https://bevyengine.org/learn/errors/#b0003
[2m2026-04-24T13:15:30.917657Z[0m [33m WARN[0m [2mbevy_ecs::world[0m[2m:[0m error[B0003]: Could not despawn entity Entity { index: 3264, generation: 57 } because it doesn't exist in this World. See: https://bevyengine.org/learn/errors/#b0003
[2m2026-04-24T13:15:30.917756Z[0m [33m WARN[0m [2mbevy_ecs::world[0m[2m:[0m error[B0003]: Could not despawn entity Entity { index: 6233, generation: 46 } because it doesn't exist in this World. See: https://bevyengine.org/learn/errors/#b0003
[2m2026-04-24T13:15:30.917856Z[0m [33m WARN[0m [2mbevy_ecs::world[0m[2m:[0m error[B0003]: Could not despawn entity Entity { index: 7359, generation: 22 } because it doesn't exist in this World. See: https://bevyengine.org/learn/errors/#b0003
[2m2026-04-24T13:15:30.917956Z[0m [33m WARN[0m [2mbevy_ecs::world[0m[2m:[0m error[B0003]: Could not despawn entity Entity { index: 2289, generation: 67 } because it doesn't exist in this World. See: https://bevyengine.org/learn/errors/#b0003
[2m2026-04-24T13:15:30.918059Z[0m [33m WARN[0m [2mbevy_ecs::world[0m[2m:[0m error[B0003]: Could not despawn entity Entity { index: 4153, generation: 73 } because it doesn't exist in this World. See: https://bevyengine.org/learn/errors/#b0003
[2m2026-04-24T13:15:30.918160Z[0m [33m WARN[0m [2mbevy_ecs::world[0m[2m:[0m error[B0003]: Could not despawn entity Entity { index: 8261, generation: 23 } because it doesn't exist in this World. See: https://bevyengine.org/learn/errors/#b0003
[2m2026-04-24T13:15:30.918281Z[0m [33m WARN[0m [2mbevy_ecs::world[0m[2m:[0m error[B0003]: Could not despawn entity Entity { index: 5886, generation: 24 } because it doesn't exist in this World. See: https://bevyengine.org/learn/errors/#b0003
[2m2026-04-24T13:15:30.918414Z[0m [33m WARN[0m [2mbevy_ecs::world[0m[2m:[0m error[B0003]: Could not despawn entity Entity { index: 4753, generation: 48 } because it doesn't exist in this World. See: https://bevyengine.org/learn/errors/#b0003
[2m2026-04-24T13:15:30.918558Z[0m [33m WARN[0m [2mbevy_ecs::world[0m[2m:[0m error[B0003]: Could not despawn entity Entity { index: 7159, generation: 23 } because it doesn't exist in this World. See: https://bevyengine.org/learn/errors/#b0003
[2m2026-04-24T13:15:30.918680Z[0m [33m WARN[0m [2mbevy_ecs::world[0m[2m:[0m error[B0003]: Could not despawn entity Entity { index: 3599, generation: 65 } because it doesn't exist in this World. See: https://bevyengine.org/learn/errors/#b0003
[2m2026-04-24T13:15:30.918784Z[0m [33m WARN[0m [2mbevy_ecs::world[0m[2m:[0m error[B0003]: Could not despawn entity Entity { index: 8732, generation: 27 } because it doesn't exist in this World. See: https://bevyengine.org/learn/errors/#b0003
[2m2026-04-24T13:15:30.918884Z[0m [33m WARN[0m [2mbevy_ecs::world[0m[2m:[0m error[B0003]: Could not despawn entity Entity { index: 6305, generation: 60 } because it doesn't exist in this World. See: https://bevyengine.org/learn/errors/#b0003
[2m2026-04-24T13:15:30.918987Z[0m [33m WARN[0m [2mbevy_ecs::world[0m[2m:[0m error[B0003]: Could not despawn entity Entity { index: 7802, generation: 30 } because it doesn't exist in this World. See: https://bevyengine.org/learn/errors/#b0003
[2m2026-04-24T13:15:30.919087Z[0m [33m WARN[0m [2mbevy_ecs::world[0m[2m:[0m error[B0003]: Could not despawn entity Entity { index: 5161, generation: 59 } because it doesn't exist in this World. See: https://bevyengine.org/learn/errors/#b0003
[2m2026-04-24T13:15:30.919204Z[0m [33m WARN[0m [2mbevy_ecs::world[0m[2m:[0m error[B0003]: Could not despawn entity Entity { index: 3476, generation: 52 } because it doesn't exist in this World. See: https://bevyengine.org/learn/errors/#b0003
[2m2026-04-24T13:15:30.919336Z[0m [33m WARN[0m [2mbevy_ecs::world[0m[2m:[0m error[B0003]: Could not despawn entity Entity { index: 6774, generation: 37 } because it doesn't exist in this World. See: https://bevyengine.org/learn/errors/#b0003
[2m2026-04-24T13:15:30.919459Z[0m [33m WARN[0m [2mbevy_ecs::world[0m[2m:[0m error[B0003]: Could not despawn entity Entity { index: 8105, generation: 23 } because it doesn't exist in this World. See: https://bevyengine.org/learn/errors/#b0003
[2m2026-04-24T13:15:30.919573Z[0m [33m WARN[0m [2mbevy_ecs::world[0m[2m:[0m error[B0003]: Could not despawn entity Entity { index: 8764, generation: 41 } because it doesn't exist in this World. See: https://bevyengine.org/learn/errors/#b0003
[2m2026-04-24T13:15:30.919678Z[0m [33m WARN[0m [2mbevy_ecs::world[0m[2m:[0m error[B0003]: Could not despawn entity Entity { index: 11759, generation: 23 } because it doesn't exist in this World. See: https://bevyengine.org/learn/errors/#b0003
[2m2026-04-24T13:15:30.919781Z[0m [33m WARN[0m [2mbevy_ecs::world[0m[2m:[0m error[B0003]: Could not despawn entity Entity { index: 6739, generation: 51 } because it doesn't exist in this World. See: https://bevyengine.org/learn/errors/#b0003
[2m2026-04-24T13:15:30.919887Z[0m [33m WARN[0m [2mbevy_ecs::world[0m[2m:[0m error[B0003]: Could not despawn entity Entity { index: 4162, generation: 54 } because it doesn't exist in this World. See: https://bevyengine.org/learn/errors/#b0003
[2m2026-04-24T13:15:30.919991Z[0m [33m WARN[0m [2mbevy_ecs::world[0m[2m:[0m error[B0003]: Could not despawn entity Entity { index: 4604, generation: 57 } because it doesn't exist in this World. See: https://bevyengine.org/learn/errors/#b0003
[2m2026-04-24T13:15:30.920096Z[0m [33m WARN[0m [2mbevy_ecs::world[0m[2m:[0m error[B0003]: Could not despawn entity Entity { index: 10021, generation: 21 } because it doesn't exist in this World. See: https://bevyengine.org/learn/errors/#b0003
[2m2026-04-24T13:15:30.920252Z[0m [33m WARN[0m [2mbevy_ecs::world[0m[2m:[0m error[B0003]: Could not despawn entity Entity { index: 7584, generation: 43 } because it doesn't exist in this World. See: https://bevyengine.org/learn/errors/#b0003
[2m2026-04-24T13:15:30.920386Z[0m [33m WARN[0m [2mbevy_ecs::world[0m[2m:[0m error[B0003]: Could not despawn entity Entity { index: 5780, generation: 23 } because it doesn't exist in this World. See: https://bevyengine.org/learn/errors/#b0003
[2m2026-04-24T13:15:30.920510Z[0m [33m WARN[0m [2mbevy_ecs::world[0m[2m:[0m error[B0003]: Could not despawn entity Entity { index: 8405, generation: 46 } because it doesn't exist in this World. See: https://bevyengine.org/learn/errors/#b0003
[2m2026-04-24T13:15:30.920621Z[0m [33m WARN[0m [2mbevy_ecs::world[0m[2m:[0m error[B0003]: Could not despawn entity Entity { index: 8512, generation: 26 } because it doesn't exist in this World. See: https://bevyengine.org/learn/errors/#b0003
[2m2026-04-24T13:15:30.920720Z[0m [33m WARN[0m [2mbevy_ecs::world[0m[2m:[0m error[B0003]: Could not despawn entity Entity { index: 9090, generation: 31 } because it doesn't exist in this World. See: https://bevyengine.org/learn/errors/#b0003
[2m2026-04-24T13:15:30.920818Z[0m [33m WARN[0m [2mbevy_ecs::world[0m[2m:[0m error[B0003]: Could not despawn entity Entity { index: 6388, generation: 48 } because it doesn't exist in this World. See: https://bevyengine.org/learn/errors/#b0003
[2m2026-04-24T13:15:30.920919Z[0m [33m WARN[0m [2mbevy_ecs::world[0m[2m:[0m error[B0003]: Could not despawn entity Entity { index: 4561, generation: 52 } because it doesn't exist in this World. See: https://bevyengine.org/learn/errors/#b0003
[2m2026-04-24T13:15:30.921020Z[0m [33m WARN[0m [2mbevy_ecs::world[0m[2m:[0m error[B0003]: Could not despawn entity Entity { index: 2553, generation: 45 } because it doesn't exist in this World. See: https://bevyengine.org/learn/errors/#b0003
[2m2026-04-24T13:15:30.921119Z[0m [33m WARN[0m [2mbevy_ecs::world[0m[2m:[0m error[B0003]: Could not despawn entity Entity { index: 3815, generation: 55 } because it doesn't exist in this World. See: https://bevyengine.org/learn/errors/#b0003
[2m2026-04-24T13:15:30.921232Z[0m [33m WARN[0m [2mbevy_ecs::world[0m[2m:[0m error[B0003]: Could not despawn entity Entity { index: 8259, generation: 19 } because it doesn't exist in this World. See: https://bevyengine.org/learn/errors/#b0003
[2m2026-04-24T13:15:30.921395Z[0m [33m WARN[0m [2mbevy_ecs::world[0m[2m:[0m error[B0003]: Could not despawn entity Entity { index: 4081, generation: 38 } because it doesn't exist in this World. See: https://bevyengine.org/learn/errors/#b0003
[2m2026-04-24T13:15:30.921507Z[0m [33m WARN[0m [2mbevy_ecs::world[0m[2m:[0m error[B0003]: Could not despawn entity Entity { index: 1692, generation: 55 } because it doesn't exist in this World. See: https://bevyengine.org/learn/errors/#b0003
[2m2026-04-24T13:15:30.921609Z[0m [33m WARN[0m [2mbevy_ecs::world[0m[2m:[0m error[B0003]: Could not despawn entity Entity { index: 8964, generation: 23 } because it doesn't exist in this World. See: https://bevyengine.org/learn/errors/#b0003
[2m2026-04-24T13:15:30.921708Z[0m [33m WARN[0m [2mbevy_ecs::world[0m[2m:[0m error[B0003]: Could not despawn entity Entity { index: 10985, generation: 29 } because it doesn't exist in this World. See: https://bevyengine.org/learn/errors/#b0003
[2m2026-04-24T13:15:30.921806Z[0m [33m WARN[0m [2mbevy_ecs::world[0m[2m:[0m error[B0003]: Could not despawn entity Entity { index: 8755, generation: 30 } because it doesn't exist in this World. See: https://bevyengine.org/learn/errors/#b0003
[2m2026-04-24T13:15:30.921915Z[0m [33m WARN[0m [2mbevy_ecs::world[0m[2m:[0m error[B0003]: Could not despawn entity Entity { index: 4587, generation: 60 } because it doesn't exist in this World. See: https://bevyengine.org/learn/errors/#b0003
[2m2026-04-24T13:15:30.922015Z[0m [33m WARN[0m [2mbevy_ecs::world[0m[2m:[0m error[B0003]: Could not despawn entity Entity { index: 6709, generation: 20 } because it doesn't exist in this World. See: https://bevyengine.org/learn/errors/#b0003
[2m2026-04-24T13:15:30.922583Z[0m [33m WARN[0m [2mbevy_ecs::world[0m[2m:[0m error[B0003]: Could not despawn entity Entity { index: 9481, generation: 35 } because it doesn't exist in this World. See: https://bevyengine.org/learn/errors/#b0003
[2m2026-04-24T13:15:30.922701Z[0m [33m WARN[0m [2mbevy_ecs::world[0m[2m:[0m error[B0003]: Could not despawn entity Entity { index: 5325, generation: 46 } because it doesn't exist in this World. See: https://bevyengine.org/learn/errors/#b0003
[2m2026-04-24T13:15:30.922812Z[0m [33m WARN[0m [2mbevy_ecs::world[0m[2m:[0m error[B0003]: Could not despawn entity Entity { index: 2416, generation: 57 } because it doesn't exist in this World. See: https://bevyengine.org/learn/errors/#b0003
[2m2026-04-24T13:15:30.922909Z[0m [33m WARN[0m [2mbevy_ecs::world[0m[2m:[0m error[B0003]: Could not despawn entity Entity { index: 2926, generation: 57 } because it doesn't exist in this World. See: https://bevyengine.org/learn/errors/#b0003
[2m2026-04-24T13:15:52.674256Z[0m [33m WARN[0m [2mbevy_hierarchy::valid_parent_check_plugin[0m[2m:[0m warning[B0004]: The Weapon:Shotgun entity with the InheritedVisibility component has a parent without InheritedVisibility.
This will cause inconsistent behaviors! See: https://bevyengine.org/learn/errors/#b0004
[2m2026-04-24T13:15:58.147306Z[0m [33m WARN[0m [2mbevy_hierarchy::valid_parent_check_plugin[0m[2m:[0m warning[B0004]: The Weapon:Minigun entity with the InheritedVisibility component has a parent without InheritedVisibility.
This will cause inconsistent behaviors! See: https://bevyengine.org/learn/errors/#b0004
[2m2026-04-24T13:16:03.957455Z[0m [33m WARN[0m [2mbevy_hierarchy::valid_parent_check_plugin[0m[2m:[0m warning[B0004]: The Weapon:Pistol entity with the InheritedVisibility component has a parent without InheritedVisibility.
This will cause inconsistent behaviors! See: https://bevyengine.org/learn/errors/#b0004
[2m2026-04-24T13:16:05.019723Z[0m [33m WARN[0m [2mbevy_hierarchy::valid_parent_check_plugin[0m[2m:[0m warning[B0004]: The Weapon:Rifle entity with the InheritedVisibility component has a parent without InheritedVisibility.
This will cause inconsistent behaviors! See: https://bevyengine.org/learn/errors/#b0004
[2m2026-04-24T13:16:11.242656Z[0m [33m WARN[0m [2mbevy_hierarchy::valid_parent_check_plugin[0m[2m:[0m warning[B0004]: The Weapon:Shotgun entity with the InheritedVisibility component has a parent without InheritedVisibility.
This will cause inconsistent behaviors! See: https://bevyengine.org/learn/errors/#b0004
